
14 in Mitte des Raums, ca. 2-3 Hop

Originator  (#/255)         Nexthop [outgoingIF]:   Potential nexthops ... [B.A.T.M.A.N. 0.3.2 rv1294, MainIF/IP: eth2/10.0.0.12, UT: 0d 0h 1m] 
10.0.0.14       ( 32)       10.0.0.53 [      eth2]:       10.0.0.53 ( 32) 
10.0.0.24       ( 29)       10.0.0.53 [      eth2]:       10.0.0.53 ( 29) 
10.0.0.53       ( 44)       10.0.0.53 [      eth2]:       10.0.0.53 ( 44) 
10.0.0.13       ( 42)       10.0.0.53 [      eth2]:       10.0.0.53 ( 42) 


hkf@satellite:~$ ping 10.0.0.14 -c 20
PING 10.0.0.14 (10.0.0.14) 56(84) bytes of data.
64 bytes from 10.0.0.14: icmp_req=1 ttl=62 time=35.4 ms
64 bytes from 10.0.0.14: icmp_req=2 ttl=62 time=55.1 ms
64 bytes from 10.0.0.14: icmp_req=7 ttl=62 time=33.8 ms
64 bytes from 10.0.0.14: icmp_req=8 ttl=62 time=8.68 ms
64 bytes from 10.0.0.14: icmp_req=9 ttl=62 time=10.8 ms
64 bytes from 10.0.0.14: icmp_req=10 ttl=62 time=10.4 ms
64 bytes from 10.0.0.14: icmp_req=12 ttl=62 time=10.8 ms
64 bytes from 10.0.0.14: icmp_req=13 ttl=62 time=10.3 ms
64 bytes from 10.0.0.14: icmp_req=14 ttl=62 time=6.12 ms
64 bytes from 10.0.0.14: icmp_req=15 ttl=62 time=7.33 ms
64 bytes from 10.0.0.14: icmp_req=16 ttl=62 time=30.4 ms
64 bytes from 10.0.0.14: icmp_req=17 ttl=62 time=40.4 ms
64 bytes from 10.0.0.14: icmp_req=18 ttl=62 time=13.9 ms
64 bytes from 10.0.0.14: icmp_req=19 ttl=62 time=6.04 ms
64 bytes from 10.0.0.14: icmp_req=20 ttl=62 time=18.6 ms

--- 10.0.0.14 ping statistics ---
20 packets transmitted, 15 received, 25% packet loss, time 19055ms
rtt min/avg/max/mdev = 6.040/19.909/55.185/14.750 ms

hkf@satellite:~$ ping 10.0.0.14 -c 20
PING 10.0.0.14 (10.0.0.14) 56(84) bytes of data.
64 bytes from 10.0.0.14: icmp_req=1 ttl=62 time=64.9 ms
64 bytes from 10.0.0.14: icmp_req=3 ttl=62 time=8.63 ms
64 bytes from 10.0.0.14: icmp_req=4 ttl=62 time=9.56 ms
64 bytes from 10.0.0.14: icmp_req=5 ttl=62 time=57.8 ms
64 bytes from 10.0.0.14: icmp_req=7 ttl=62 time=92.5 ms
64 bytes from 10.0.0.14: icmp_req=8 ttl=62 time=6.23 ms
64 bytes from 10.0.0.14: icmp_req=9 ttl=62 time=10.4 ms
64 bytes from 10.0.0.14: icmp_req=10 ttl=62 time=11.8 ms
64 bytes from 10.0.0.14: icmp_req=11 ttl=62 time=7.81 ms
64 bytes from 10.0.0.14: icmp_req=12 ttl=62 time=7.22 ms
64 bytes from 10.0.0.14: icmp_req=13 ttl=62 time=8.84 ms
64 bytes from 10.0.0.14: icmp_req=14 ttl=62 time=19.7 ms
64 bytes from 10.0.0.14: icmp_req=15 ttl=62 time=36.3 ms
64 bytes from 10.0.0.14: icmp_req=16 ttl=62 time=12.8 ms
64 bytes from 10.0.0.14: icmp_req=17 ttl=62 time=5.69 ms
64 bytes from 10.0.0.14: icmp_req=18 ttl=62 time=244 ms
64 bytes from 10.0.0.14: icmp_req=19 ttl=62 time=105 ms
64 bytes from 10.0.0.14: icmp_req=20 ttl=62 time=203 ms

--- 10.0.0.14 ping statistics ---
20 packets transmitted, 18 received, 10% packet loss, time 19019ms
rtt min/avg/max/mdev = 5.697/50.818/244.965/68.620 ms

Originator  (#/255)         Nexthop [outgoingIF]:   Potential nexthops ... [B.A.T.M.A.N. 0.3.2 rv1294, MainIF/IP: eth2/10.0.0.12, UT: 0d 0h 9m] 
10.0.0.14       ( 51)       10.0.0.14 [      eth2]:       10.0.0.53 ( 28)       10.0.0.14 ( 51)       10.0.0.24 ( 24)       10.0.0.82 ( 35) 
10.0.0.24       (151)       10.0.0.24 [      eth2]:       10.0.0.53 ( 79)       10.0.0.24 (151)       10.0.0.82 ( 96)       10.0.0.14 ( 18) 
10.0.0.53       (101)       10.0.0.53 [      eth2]:       10.0.0.53 (101)       10.0.0.24 ( 85)       10.0.0.82 ( 58)       10.0.0.14 ( 25) 
10.0.0.82       (131)       10.0.0.24 [      eth2]:       10.0.0.82 (119)       10.0.0.24 (131)       10.0.0.53 ( 88)       10.0.0.14 ( 13) 
10.0.0.13       ( 68)       10.0.0.53 [      eth2]:       10.0.0.53 ( 68)       10.0.0.24 ( 41)       10.0.0.82 ( 28)       10.0.0.14 (  9) 



===============


Was wir wollen: schlechte direkte verbindung, gute indirekte Verbindung


  Originator  (#/255)         Nexthop [outgoingIF]:   Potential nexthops ... [B.A.T.M.A.N. 0.3.2 rv1294, MainIF/IP: eth2/10.0.0.12, UT: 0d 0h13m] 
10.0.0.14       ( 17)       10.0.0.53 [      eth2]:       10.0.0.53 ( 17)       10.0.0.14 (  0)       10.0.0.24 (  0)       10.0.0.82 (  0) 
10.0.0.24       (  9)       10.0.0.53 [      eth2]:       10.0.0.53 (  9)       10.0.0.24 (  0)       10.0.0.82 (  3)       10.0.0.14 (  0) 
10.0.0.53       (131)       10.0.0.53 [      eth2]:       10.0.0.53 (131)       10.0.0.24 (  0)       10.0.0.82 (  0)       10.0.0.14 (  0) 
10.0.0.82       ( 36)       10.0.0.53 [      eth2]:       10.0.0.82 (  0)       10.0.0.24 (  0)       10.0.0.53 ( 36)       10.0.0.14 (  0) 
10.0.0.13       ( 56)       10.0.0.53 [      eth2]:       10.0.0.53 ( 56)       10.0.0.24 (  0)       10.0.0.82 (  3)       10.0.0.14 (  0) 

hkf@satellite:~$ ping 192.168.14.232 -c 20
PING 192.168.14.232 (192.168.14.232) 56(84) bytes of data.
64 bytes from 192.168.14.232: icmp_req=1 ttl=61 time=38.0 ms
64 bytes from 192.168.14.232: icmp_req=2 ttl=61 time=5.24 ms
64 bytes from 192.168.14.232: icmp_req=3 ttl=61 time=9.41 ms
64 bytes from 192.168.14.232: icmp_req=4 ttl=61 time=12.3 ms
64 bytes from 192.168.14.232: icmp_req=5 ttl=61 time=10.5 ms
64 bytes from 192.168.14.232: icmp_req=6 ttl=61 time=16.9 ms
64 bytes from 192.168.14.232: icmp_req=7 ttl=61 time=5.40 ms
64 bytes from 192.168.14.232: icmp_req=8 ttl=61 time=7.94 ms
64 bytes from 192.168.14.232: icmp_req=9 ttl=61 time=5.82 ms
64 bytes from 192.168.14.232: icmp_req=10 ttl=61 time=6.01 ms
64 bytes from 192.168.14.232: icmp_req=11 ttl=61 time=5.41 ms
64 bytes from 192.168.14.232: icmp_req=12 ttl=61 time=41.9 ms
64 bytes from 192.168.14.232: icmp_req=13 ttl=61 time=5.15 ms
64 bytes from 192.168.14.232: icmp_req=14 ttl=61 time=7.21 ms
64 bytes from 192.168.14.232: icmp_req=15 ttl=61 time=8.81 ms
64 bytes from 192.168.14.232: icmp_req=16 ttl=61 time=6.19 ms
64 bytes from 192.168.14.232: icmp_req=17 ttl=61 time=11.0 ms
64 bytes from 192.168.14.232: icmp_req=18 ttl=61 time=115 ms
64 bytes from 192.168.14.232: icmp_req=19 ttl=61 time=6.86 ms
64 bytes from 192.168.14.232: icmp_req=20 ttl=61 time=6.49 ms

--- 192.168.14.232 ping statistics ---
20 packets transmitted, 20 received, 0% packet loss, time 19030ms
rtt min/avg/max/mdev = 5.156/16.596/115.034/24.696 ms

  Originator  (#/255)         Nexthop [outgoingIF]:   Potential nexthops ... [B.A.T.M.A.N. 0.3.2 rv1294, MainIF/IP: eth2/10.0.0.12, UT: 0d 0h14m] 
10.0.0.14       ( 84)       10.0.0.53 [      eth2]:       10.0.0.53 ( 84)       10.0.0.14 ( 12)       10.0.0.82 (  0) 
10.0.0.24       ( 32)       10.0.0.53 [      eth2]:       10.0.0.53 ( 32)       10.0.0.24 (  0)       10.0.0.82 (  0)       10.0.0.14 (  1) 
10.0.0.53       (199)       10.0.0.53 [      eth2]:       10.0.0.53 (199)       10.0.0.24 (  0)       10.0.0.82 (  0)       10.0.0.14 (  9) 
10.0.0.82       ( 29)       10.0.0.53 [      eth2]:       10.0.0.82 (  0)       10.0.0.24 (  0)       10.0.0.53 ( 29)       10.0.0.14 (  0) 
10.0.0.13       ( 89)       10.0.0.53 [      eth2]:       10.0.0.53 ( 89)       10.0.0.82 (  0)       10.0.0.14 (  0) 
#
hkf@satellite:~$ ping 192.168.14.232 -c 20
PING 192.168.14.232 (192.168.14.232) 56(84) bytes of data.
64 bytes from 192.168.14.232: icmp_req=1 ttl=61 time=5.53 ms
64 bytes from 192.168.14.232: icmp_req=2 ttl=61 time=5.10 ms
64 bytes from 192.168.14.232: icmp_req=3 ttl=61 time=5.10 ms
64 bytes from 192.168.14.232: icmp_req=4 ttl=61 time=5.14 ms
64 bytes from 192.168.14.232: icmp_req=5 ttl=61 time=7.61 ms
64 bytes from 192.168.14.232: icmp_req=6 ttl=61 time=4.92 ms
64 bytes from 192.168.14.232: icmp_req=7 ttl=61 time=4.91 ms
64 bytes from 192.168.14.232: icmp_req=8 ttl=61 time=4.87 ms
64 bytes from 192.168.14.232: icmp_req=9 ttl=61 time=6.26 ms
64 bytes from 192.168.14.232: icmp_req=10 ttl=61 time=18.3 ms
64 bytes from 192.168.14.232: icmp_req=11 ttl=61 time=5.37 ms
64 bytes from 192.168.14.232: icmp_req=12 ttl=61 time=6.75 ms
64 bytes from 192.168.14.232: icmp_req=13 ttl=61 time=131 ms
64 bytes from 192.168.14.232: icmp_req=14 ttl=61 time=29.6 ms
64 bytes from 192.168.14.232: icmp_req=15 ttl=61 time=72.5 ms
64 bytes from 192.168.14.232: icmp_req=16 ttl=61 time=335 ms
64 bytes from 192.168.14.232: icmp_req=17 ttl=61 time=2781 ms
64 bytes from 192.168.14.232: icmp_req=18 ttl=61 time=6657 ms
64 bytes from 192.168.14.232: icmp_req=19 ttl=61 time=6213 ms

--- 192.168.14.232 ping statistics ---
20 packets transmitted, 19 received, 5% packet loss, time 19041ms
rtt min/avg/max/mdev = 4.875/858.012/6657.316/2010.670 ms, pipe 3


Ständige Verbindungsabbrüche
Teilweise wieder ausgepackt
Es ist total schwierig das hopping einzustellen

zum 53er

------------------------------------------------------------
Client connecting to 192.168.53.2, UDP port 5001
Sending 1470 byte datagrams
UDP buffer size:   122 KByte (default)
------------------------------------------------------------
[  3] local 192.168.12.139 port 60012 connected with 192.168.53.2 port 5001
[ ID] Interval       Transfer     Bandwidth
[  3]  0.0-10.0 sec  1.25 MBytes  1.05 Mbits/sec
[  3] Sent 893 datagrams
[  3] Server Report:
[  3]  0.0-11.4 sec  1.25 MBytes    922 Kbits/sec  8.406 ms    2/  893 (0.22%)


hkf@satellite:~$ iperf -s -u
------------------------------------------------------------
Server listening on UDP port 5001
Receiving 1470 byte datagrams
UDP buffer size:   122 KByte (default)
------------------------------------------------------------
[  3] local 192.168.12.139 port 5001 connected with 192.168.14.232 port 45320
[ ID] Interval       Transfer     Bandwidth       Jitter   Lost/Total Datagrams
[  3]  0.0- 7.2 sec    613 KBytes    694 Kbits/sec  10.260 ms  466/  893 (52%)
[  4] local 192.168.12.139 port 5001 connected with 192.168.14.232 port 55901
[  4]  0.0-24.3 sec  1.23 MBytes    424 Kbits/sec  11.178 ms   17/  893 (1.9%)
[  3] local 192.168.12.139 port 5001 connected with 192.168.14.232 port 45975
[  3]  0.0-50.3 sec  1.23 MBytes    205 Kbits/sec  9.333 ms   15/  893 (1.7%)
[  5] local 192.168.12.139 port 5001 connected with 192.168.14.232 port 55692
[  5]  0.0-58.2 sec  1.18 MBytes    170 Kbits/sec  6.782 ms   53/  893 (5.9%)
[  4] local 192.168.12.139 port 5001 connected with 192.168.14.232 port 49418
[  4]  0.0-61.6 sec    538 KBytes  71.6 Kbits/sec  7.284 ms  518/  893 (58%)
read failed: Connection refused
[  3] local 192.168.12.139 port 5001 connected with 192.168.14.232 port 58259
[  3]  0.0- 9.7 sec  1.21 MBytes  1.05 Mbits/sec  3.111 ms    1/  863 (0.12%)
[  3]  0.0- 9.7 sec  1 datagrams received out-of-order
[  4] local 192.168.12.139 port 5001 connected with 192.168.14.232 port 33807
[  4]  0.0-10.0 sec  1.25 MBytes  1.05 Mbits/sec  3.160 ms    0/  893 (0%)

hkf@satellite:~$ ping 192.168.14.232 -c 20
PING 192.168.14.232 (192.168.14.232) 56(84) bytes of data.
64 bytes from 192.168.14.232: icmp_req=1 ttl=62 time=8.42 ms
64 bytes from 192.168.14.232: icmp_req=2 ttl=62 time=8.76 ms
64 bytes from 192.168.14.232: icmp_req=3 ttl=62 time=4.70 ms
64 bytes from 192.168.14.232: icmp_req=4 ttl=62 time=6.29 ms
64 bytes from 192.168.14.232: icmp_req=5 ttl=62 time=9.42 ms
64 bytes from 192.168.14.232: icmp_req=6 ttl=62 time=12.1 ms
64 bytes from 192.168.14.232: icmp_req=7 ttl=62 time=9.65 ms
64 bytes from 192.168.14.232: icmp_req=8 ttl=62 time=8.74 ms
64 bytes from 192.168.14.232: icmp_req=9 ttl=62 time=3.06 ms
From 192.168.12.1 icmp_seq=18 Destination Host Unreachable
From 192.168.12.1 icmp_seq=19 Destination Host Unreachable
From 192.168.12.1 icmp_seq=20 Destination Host Unreachable

--- 192.168.14.232 ping statistics ---
20 packets transmitted, 9 received, +3 errors, 55% packet loss, time 19014ms
rtt min/avg/max/mdev = 3.063/7.911/12.113/2.605 ms, pipe 3


------------------------------------------------------------
Server listening on UDP port 5001
Receiving 1470 byte datagrams
UDP buffer size:   122 KByte (default)
------------------------------------------------------------
[  3] local 192.168.12.139 port 5001 connected with 192.168.14.232 port 45320
[ ID] Interval       Transfer     Bandwidth       Jitter   Lost/Total Datagrams
[  3]  0.0- 7.2 sec    613 KBytes    694 Kbits/sec  10.260 ms  466/  893 (52%)
[  4] local 192.168.12.139 port 5001 connected with 192.168.14.232 port 55901
[  4]  0.0-24.3 sec  1.23 MBytes    424 Kbits/sec  11.178 ms   17/  893 (1.9%)
[  3] local 192.168.12.139 port 5001 connected with 192.168.14.232 port 45975
[  3]  0.0-50.3 sec  1.23 MBytes    205 Kbits/sec  9.333 ms   15/  893 (1.7%)
[  5] local 192.168.12.139 port 5001 connected with 192.168.14.232 port 55692
[  5]  0.0-58.2 sec  1.18 MBytes    170 Kbits/sec  6.782 ms   53/  893 (5.9%)
[  4] local 192.168.12.139 port 5001 connected with 192.168.14.232 port 49418
[  4]  0.0-61.6 sec    538 KBytes  71.6 Kbits/sec  7.284 ms  518/  893 (58%)
read failed: Connection refused
[  3] local 192.168.12.139 port 5001 connected with 192.168.14.232 port 58259
[  3]  0.0- 9.7 sec  1.21 MBytes  1.05 Mbits/sec  3.111 ms    1/  863 (0.12%)
[  3]  0.0- 9.7 sec  1 datagrams received out-of-order
[  4] local 192.168.12.139 port 5001 connected with 192.168.14.232 port 33807
[  4]  0.0-10.0 sec  1.25 MBytes  1.05 Mbits/sec  3.160 ms    0/  893 (0%)

Da lag aber ne direktverbindung dazwischen

  Originator  (#/255)         Nexthop [outgoingIF]:   Potential nexthops ... [B.A.T.M.A.N. 0.3.2 rv1294, MainIF/IP: eth2/10.0.0.12, UT: 0d 0h21m] 
10.0.0.14       (200)       10.0.0.13 [      eth2]:       10.0.0.53 ( 10)       10.0.0.13 (200) 
10.0.0.24       (178)       10.0.0.13 [      eth2]:       10.0.0.53 ( 10)       10.0.0.13 (178) 
10.0.0.53       (207)       10.0.0.13 [      eth2]:       10.0.0.53 ( 13)       10.0.0.13 (207) 
10.0.0.13       (230)       10.0.0.13 [      eth2]:       10.0.0.13 (230)       10.0.0.53 ( 14) 

und trotzdem kein stabiler link


aber zum router gehts

hkf@satellite:~$ ping 10.0.0.14
PING 10.0.0.14 (10.0.0.14) 56(84) bytes of data.
64 bytes from 10.0.0.14: icmp_req=1 ttl=62 time=4.72 ms
64 bytes from 10.0.0.14: icmp_req=2 ttl=62 time=4.26 ms
64 bytes from 10.0.0.14: icmp_req=3 ttl=62 time=4.26 ms
64 bytes from 10.0.0.14: icmp_req=4 ttl=62 time=4.24 ms
64 bytes from 10.0.0.14: icmp_req=5 ttl=62 time=4.02 ms
64 bytes from 10.0.0.14: icmp_req=6 ttl=62 time=4.66 ms
64 bytes from 10.0.0.14: icmp_req=7 ttl=62 time=4.46 ms
64 bytes from 10.0.0.14: icmp_req=8 ttl=62 time=11.5 ms
64 bytes from 10.0.0.14: icmp_req=9 ttl=62 time=4.16 ms
64 bytes from 10.0.0.14: icmp_req=10 ttl=62 time=4.13 ms
64 bytes from 10.0.0.14: icmp_req=11 ttl=62 time=10.0 ms
64 bytes from 10.0.0.14: icmp_req=12 ttl=62 time=8.91 ms
64 bytes from 10.0.0.14: icmp_req=13 ttl=62 time=4.26 ms
64 bytes from 10.0.0.14: icmp_req=14 ttl=62 time=6.28 ms
64 bytes from 10.0.0.14: icmp_req=15 ttl=62 time=4.22 ms
64 bytes from 10.0.0.14: icmp_req=16 ttl=62 time=4.18 ms
64 bytes from 10.0.0.14: icmp_req=17 ttl=62 time=72.0 ms
64 bytes from 10.0.0.14: icmp_req=18 ttl=62 time=36.2 ms
64 bytes from 10.0.0.14: icmp_req=19 ttl=62 time=4.20 ms
64 bytes from 10.0.0.14: icmp_req=20 ttl=62 time=34.5 ms
64 bytes from 10.0.0.14: icmp_req=21 ttl=62 time=7.78 ms
64 bytes from 10.0.0.14: icmp_req=22 ttl=62 time=15.2 ms
64 bytes from 10.0.0.14: icmp_req=23 ttl=62 time=3.94 ms
64 bytes from 10.0.0.14: icmp_req=24 ttl=62 time=5.72 ms


hkf@satellite:~$ ping 10.0.0.14 -c 20
PING 10.0.0.14 (10.0.0.14) 56(84) bytes of data.
64 bytes from 10.0.0.14: icmp_req=1 ttl=62 time=20.6 ms
64 bytes from 10.0.0.14: icmp_req=2 ttl=62 time=4.33 ms
64 bytes from 10.0.0.14: icmp_req=3 ttl=62 time=5.12 ms
64 bytes from 10.0.0.14: icmp_req=4 ttl=62 time=7.77 ms
64 bytes from 10.0.0.14: icmp_req=5 ttl=62 time=4.92 ms
64 bytes from 10.0.0.14: icmp_req=6 ttl=62 time=18.0 ms
64 bytes from 10.0.0.14: icmp_req=7 ttl=62 time=25.7 ms
64 bytes from 10.0.0.14: icmp_req=8 ttl=62 time=7.04 ms
64 bytes from 10.0.0.14: icmp_req=9 ttl=62 time=5.67 ms
64 bytes from 10.0.0.14: icmp_req=10 ttl=62 time=12.8 ms
64 bytes from 10.0.0.14: icmp_req=11 ttl=62 time=7.87 ms
64 bytes from 10.0.0.14: icmp_req=12 ttl=62 time=4.16 ms
64 bytes from 10.0.0.14: icmp_req=13 ttl=62 time=15.5 ms
64 bytes from 10.0.0.14: icmp_req=14 ttl=62 time=5.05 ms
64 bytes from 10.0.0.14: icmp_req=15 ttl=62 time=16.8 ms
64 bytes from 10.0.0.14: icmp_req=16 ttl=62 time=4.00 ms
64 bytes from 10.0.0.14: icmp_req=17 ttl=62 time=8.11 ms
64 bytes from 10.0.0.14: icmp_req=18 ttl=62 time=8.79 ms
64 bytes from 10.0.0.14: icmp_req=19 ttl=62 time=4.23 ms
64 bytes from 10.0.0.14: icmp_req=20 ttl=62 time=4.45 ms

--- 10.0.0.14 ping statistics ---
20 packets transmitted, 20 received, 0% packet loss, time 19031ms
rtt min/avg/max/mdev = 4.001/9.555/25.726/6.279 ms



Die Announcements scheinnen nicht zu funzen

Daher der Versuch von Router zu Router

 Originator  (#/255)         Nexthop [outgoingIF]:   Potential nexthops ... [B.A.T.M.A.N. 0.3.2 rv1294, MainIF/IP: eth2/10.0.0.12, UT: 0d 0h 0m] 
10.0.0.14       ( 28)       10.0.0.13 [      eth2]:       10.0.0.13 ( 28)       10.0.0.53 (  6) 
10.0.0.24       ( 20)       10.0.0.13 [      eth2]:       10.0.0.24 ( 11)       10.0.0.13 ( 20)       10.0.0.53 (  5) 
10.0.0.53       ( 22)       10.0.0.13 [      eth2]:       10.0.0.13 ( 22)       10.0.0.53 ( 12) 
10.0.0.13       ( 24)       10.0.0.13 [      eth2]:       10.0.0.13 ( 24)       10.0.0.53 (  8)       10.0.0.24 (  8) 

root@AP-12:/etc# netperf -P1 -v2 -t UDP_STREAM -H 10.0.0.14
UDP UNIDIRECTIONAL SEND TEST to 10.0.0.14
Socket  Message  Elapsed      Messages                
Size    Size     Time         Okay Errors   Throughput
bytes   bytes    secs            #      #   10^6bits/sec

 32767   32767   10.00          79      0       2.07
 32767           10.00           0              0.00

root@AP-12:/etc# netperf -P1 -v2 -t UDP_STREAM -H 10.0.0.14
UDP UNIDIRECTIONAL SEND TEST to 10.0.0.14
Socket  Message  Elapsed      Messages                
Size    Size     Time         Okay Errors   Throughput
bytes   bytes    secs            #      #   10^6bits/sec

 32767   32767   10.00         140      0       3.67
 32767           10.00           0              0.00


root@AP-12:/etc# netperf -P1 -v2 -t UDP_STREAM -H 10.0.0.14
UDP UNIDIRECTIONAL SEND TEST to 10.0.0.14
Socket  Message  Elapsed      Messages                
Size    Size     Time         Okay Errors   Throughput
bytes   bytes    secs            #      #   10^6bits/sec

 32767   32767   9.99          125      0       3.28
 32767           9.99            0              0.00

root@AP-12:/etc# ping -c 20 10.0.0.14
PING 10.0.0.14 (10.0.0.14): 56 data bytes
64 bytes from 10.0.0.14: icmp_seq=0 ttl=63 time=4.2 ms
64 bytes from 10.0.0.14: icmp_seq=1 ttl=63 time=4.5 ms
64 bytes from 10.0.0.14: icmp_seq=2 ttl=63 time=8.8 ms
64 bytes from 10.0.0.14: icmp_seq=3 ttl=63 time=4.7 ms
64 bytes from 10.0.0.14: icmp_seq=4 ttl=63 time=16.0 ms
64 bytes from 10.0.0.14: icmp_seq=5 ttl=63 time=25.9 ms
64 bytes from 10.0.0.14: icmp_seq=6 ttl=63 time=3.8 ms
64 bytes from 10.0.0.14: icmp_seq=7 ttl=63 time=4.1 ms
64 bytes from 10.0.0.14: icmp_seq=8 ttl=63 time=11.3 ms
64 bytes from 10.0.0.14: icmp_seq=9 ttl=63 time=3.8 ms
64 bytes from 10.0.0.14: icmp_seq=10 ttl=63 time=3.7 ms
64 bytes from 10.0.0.14: icmp_seq=11 ttl=63 time=4.6 ms
64 bytes from 10.0.0.14: icmp_seq=12 ttl=63 time=4.2 ms
64 bytes from 10.0.0.14: icmp_seq=13 ttl=63 time=11.2 ms
64 bytes from 10.0.0.14: icmp_seq=14 ttl=63 time=3.7 ms
64 bytes from 10.0.0.14: icmp_seq=15 ttl=63 time=8.1 ms
64 bytes from 10.0.0.14: icmp_seq=16 ttl=63 time=3.9 ms
64 bytes from 10.0.0.14: icmp_seq=17 ttl=63 time=6.6 ms
64 bytes from 10.0.0.14: icmp_seq=18 ttl=63 time=9.2 ms
64 bytes from 10.0.0.14: icmp_seq=19 ttl=63 time=3.9 ms

--- 10.0.0.14 ping statistics ---
20 packets transmitted, 20 packets received, 0% packet loss
round-trip min/avg/max = 3.7/7.3/25.9 ms

  Originator  (#/255)         Nexthop [outgoingIF]:   Potential nexthops ... [B.A.T.M.A.N. 0.3.2 rv1294, MainIF/IP: eth2/10.0.0.12, UT: 0d 0h 2m] 
10.0.0.14       ( 75)       10.0.0.13 [      eth2]:       10.0.0.13 ( 75)       10.0.0.53 ( 27)       10.0.0.24 ( 33) 
10.0.0.24       (106)       10.0.0.24 [      eth2]:       10.0.0.24 (106)       10.0.0.13 ( 78)       10.0.0.53 (  0) 
10.0.0.53       (100)       10.0.0.53 [      eth2]:       10.0.0.13 ( 69)       10.0.0.53 (100)       10.0.0.24 ( 29) 
10.0.0.13       (127)       10.0.0.13 [      eth2]:       10.0.0.13 (127)       10.0.0.53 ( 48)       10.0.0.24 ( 67) 

root@AP-12:/etc# netperf -P1 -v2 -t UDP_STREAM -H 10.0.0.14
UDP UNIDIRECTIONAL SEND TEST to 10.0.0.14
Socket  Message  Elapsed      Messages                
Size    Size     Time         Okay Errors   Throughput
bytes   bytes    secs            #      #   10^6bits/sec

 32767   32767   9.99          112      0       2.94
 32767           9.99            0              0.00

